\BOOKMARK [0][-]{chapter*.1}{\376\377\000R\000e\000m\000e\000r\000c\000i\000e\000m\000e\000n\000t\000s}{}% 1
\BOOKMARK [0][-]{chapter*.2}{\376\377\000R\000\351\000s\000u\000m\000\351}{}% 2
\BOOKMARK [0][-]{chapter*.3}{\376\377\000A\000b\000s\000t\000r\000a\000c\000t}{}% 3
\BOOKMARK [0][-]{chapter*.4}{\376\377\000M\000o\000l\000a\000k\000h\000a\000s}{}% 4
\BOOKMARK [0][-]{chapter*.5}{\376\377\000L\000i\000s\000t\000e\000\040\000d\000e\000s\000\040\000a\000b\000r\000\351\000v\000i\000a\000t\000i\000o\000n\000s}{}% 5
\BOOKMARK [0][-]{table.0.1}{\376\377\000L\000i\000s\000t\000e\000\040\000d\000e\000s\000\040\000f\000i\000g\000u\000r\000e\000s}{}% 6
\BOOKMARK [0][-]{table.0.1}{\376\377\000L\000i\000s\000t\000e\000\040\000d\000e\000s\000\040\000t\000a\000b\000l\000e\000a\000u\000x}{}% 7
\BOOKMARK [0][-]{chapter*.6}{\376\377\000I\000n\000t\000r\000o\000d\000u\000c\000t\000i\000o\000n\000\040\000g\000\351\000n\000\351\000r\000a\000l\000e}{}% 8
\BOOKMARK [0][-]{chapter.13}{\376\377\000C\000o\000n\000t\000e\000x\000t\000e\000,\000\040\000P\000r\000o\000b\000l\000\351\000m\000a\000t\000i\000q\000u\000e\000\040\000e\000t\000\040\000\311\000t\000a\000t\000\040\000d\000e\000\040\000l\000'\000A\000r\000t}{}% 9
\BOOKMARK [1][-]{section.14}{\376\377\000P\000r\000\351\000s\000e\000n\000t\000a\000t\000i\000o\000n\000\040\000d\000e\000\040\000l\000'\000o\000r\000g\000a\000n\000i\000s\000m\000e\000\040\000d\000'\000a\000c\000c\000u\000e\000i\000l\000\040\040\023\000\040\000B\000M\000C\000E\000\040\000C\000a\000p\000i\000t\000a\000l}{chapter.13}% 10
\BOOKMARK [2][-]{subsection.15}{\376\377\000L\000e\000\040\000G\000r\000o\000u\000p\000e\000\040\000B\000A\000N\000K\000\040\000O\000F\000\040\000A\000F\000R\000I\000C\000A}{section.14}% 11
\BOOKMARK [2][-]{subsection.16}{\376\377\000B\000M\000C\000E\000\040\000C\000a\000p\000i\000t\000a\000l\000\040\000e\000t\000\040\000l\000e\000\040\000p\000\351\000r\000i\000m\000\350\000t\000r\000e\000\040\000d\000u\000\040\000p\000r\000o\000j\000e\000t}{section.14}% 12
\BOOKMARK [2][-]{subsection.17}{\376\377\000C\000a\000d\000r\000e\000\040\000r\000\351\000g\000l\000e\000m\000e\000n\000t\000a\000i\000r\000e}{section.14}% 13
\BOOKMARK [1][-]{section.19}{\376\377\000L\000e\000\040\000m\000a\000r\000c\000h\000\351\000\040\000a\000c\000t\000i\000o\000n\000s\000\040\000m\000a\000r\000o\000c\000a\000i\000n\000\040\000e\000t\000\040\000l\000'\000u\000n\000i\000v\000e\000r\000s\000\040\000M\000A\000S\000I}{chapter.13}% 14
\BOOKMARK [2][-]{subsection.20}{\376\377\000L\000a\000\040\000B\000o\000u\000r\000s\000e\000\040\000d\000e\000\040\000C\000a\000s\000a\000b\000l\000a\000n\000c\000a}{section.19}% 15
\BOOKMARK [2][-]{subsection.21}{\376\377\000L\000e\000\040\000M\000A\000S\000I\000\040\000c\000o\000m\000m\000e\000\040\000u\000n\000i\000v\000e\000r\000s\000\040\000d\000e\000\040\000r\000\351\000f\000\351\000r\000e\000n\000c\000e}{section.19}% 16
\BOOKMARK [2][-]{subsection.23}{\376\377\000C\000y\000c\000l\000e\000\040\000d\000'\000u\000n\000\040\000o\000r\000d\000r\000e\000,\000\040\000o\000u\000v\000e\000r\000t\000u\000r\000e\000\040\000e\000t\000\040\000p\000o\000s\000i\000t\000i\000o\000n\000n\000e\000m\000e\000n\000t\000\040\000d\000e\000\040\000l\000a\000\040\000p\000l\000a\000t\000e\000f\000o\000r\000m\000e}{section.19}% 17
\BOOKMARK [1][-]{section.25}{\376\377\000P\000r\000o\000b\000l\000\351\000m\000a\000t\000i\000q\000u\000e\000\040\000o\000p\000\351\000r\000a\000t\000i\000o\000n\000n\000e\000l\000l\000e\000\040\000:\000\040\000i\000d\000e\000n\000t\000i\000f\000i\000e\000r\000\040\000l\000e\000s\000\040\000o\000p\000p\000o\000r\000t\000u\000n\000i\000t\000\351\000s\000\040\000s\000o\000u\000s\000\040\000c\000o\000n\000t\000r\000a\000i\000n\000t\000e}{chapter.13}% 18
\BOOKMARK [2][-]{subsection.26}{\376\377\000C\000o\000n\000s\000t\000a\000t\000\040\000i\000s\000s\000u\000\040\000d\000e\000\040\000l\000a\000\040\000s\000a\000l\000l\000e\000\040\000d\000e\000s\000\040\000m\000a\000r\000c\000h\000\351\000s}{section.25}% 19
\BOOKMARK [2][-]{subsection.27}{\376\377\000B\000e\000s\000o\000i\000n\000\040\000f\000o\000n\000c\000t\000i\000o\000n\000n\000e\000l}{section.25}% 20
\BOOKMARK [1][-]{section.29}{\376\377\000P\000r\000o\000b\000l\000\351\000m\000a\000t\000i\000q\000u\000e\000\040\000s\000c\000i\000e\000n\000t\000i\000f\000i\000q\000u\000e\000\040\000:\000\040\000l\000i\000m\000i\000t\000e\000r\000\040\000l\000e\000\040\000s\000u\000r\000-\000a\000p\000p\000r\000e\000n\000t\000i\000s\000s\000a\000g\000e}{chapter.13}% 21
\BOOKMARK [2][-]{subsection.30}{\376\377\000S\000u\000r\000-\000a\000p\000p\000r\000e\000n\000t\000i\000s\000s\000a\000g\000e\000\040\000e\000t\000\040\000t\000e\000s\000t\000s\000\040\000m\000u\000l\000t\000i\000p\000l\000e\000s}{section.29}% 22
\BOOKMARK [2][-]{subsection.32}{\376\377\000B\000i\000a\000i\000s\000\040\000c\000l\000a\000s\000s\000i\000q\000u\000e\000s\000\040\000d\000e\000s\000\040\000t\000e\000s\000t\000s\000\040\000h\000i\000s\000t\000o\000r\000i\000q\000u\000e\000s}{section.29}% 23
\BOOKMARK [2][-]{subsection.33}{\376\377\000C\000o\000n\000s\000\351\000q\000u\000e\000n\000c\000e\000\040\000p\000o\000u\000r\000\040\000l\000e\000\040\000p\000r\000o\000j\000e\000t}{section.29}% 24
\BOOKMARK [1][-]{section.36}{\376\377\000\311\000t\000u\000d\000e\000\040\000d\000e\000s\000\040\000s\000o\000l\000u\000t\000i\000o\000n\000s\000\040\000e\000x\000i\000s\000t\000a\000n\000t\000e\000s}{chapter.13}% 25
\BOOKMARK [2][-]{subsection.37}{\376\377\000B\000e\000n\000c\000h\000m\000a\000r\000k\000\040\000f\000o\000n\000c\000t\000i\000o\000n\000n\000e\000l}{section.36}% 26
\BOOKMARK [2][-]{subsection.39}{\376\377\000L\000a\000c\000u\000n\000e\000s\000\040\000r\000e\000t\000e\000n\000u\000e\000s}{section.36}% 27
\BOOKMARK [1][-]{section.44}{\376\377\000C\000a\000d\000r\000e\000\040\000t\000h\000\351\000o\000r\000i\000q\000u\000e\000\040\000r\000e\000t\000e\000n\000u}{chapter.13}% 28
\BOOKMARK [2][-]{subsection.45}{\376\377\000L\000e\000\040\000p\000a\000r\000a\000d\000i\000g\000m\000e\000\040\000d\000e\000\040\000c\000h\000a\000\356\000n\000e\000\040\000d\000e\000\040\000r\000e\000c\000h\000e\000r\000c\000h\000e\000\040\000q\000u\000a\000n\000t\000i\000t\000a\000t\000i\000v\000e}{section.44}% 29
\BOOKMARK [2][-]{subsection.47}{\376\377\000V\000a\000l\000i\000d\000a\000t\000i\000o\000n\000\040\000W\000a\000l\000k\000-\000F\000o\000r\000w\000a\000r\000d}{section.44}% 30
\BOOKMARK [2][-]{subsection.48}{\376\377\000C\000o\000m\000p\000l\000\351\000m\000e\000n\000t\000a\000r\000i\000t\000\351\000\040\000d\000e\000s\000\040\000r\000\351\000f\000\351\000r\000e\000n\000c\000e\000s}{section.44}% 31
\BOOKMARK [1][-]{section.49}{\376\377\000O\000b\000j\000e\000c\000t\000i\000f\000s\000,\000\040\000p\000\351\000r\000i\000m\000\350\000t\000r\000e\000\040\000e\000t\000\040\000m\000\351\000t\000h\000o\000d\000o\000l\000o\000g\000i\000e\000\040\000g\000\351\000n\000\351\000r\000a\000l\000e}{chapter.13}% 32
\BOOKMARK [2][-]{subsection.50}{\376\377\000O\000b\000j\000e\000c\000t\000i\000f\000s\000\040\000s\000c\000i\000e\000n\000t\000i\000f\000i\000q\000u\000e\000s}{section.49}% 33
\BOOKMARK [2][-]{subsection.54}{\376\377\000O\000b\000j\000e\000c\000t\000i\000f\000s\000\040\000t\000e\000c\000h\000n\000i\000q\000u\000e\000s}{section.49}% 34
\BOOKMARK [2][-]{subsection.59}{\376\377\000P\000\351\000r\000i\000m\000\350\000t\000r\000e}{section.49}% 35
\BOOKMARK [2][-]{subsection.60}{\376\377\000M\000\351\000t\000h\000o\000d\000o\000l\000o\000g\000i\000e\000\040\000g\000\351\000n\000\351\000r\000a\000l\000e}{section.49}% 36
\BOOKMARK [0][-]{chapter.61}{\376\377\000A\000n\000a\000l\000y\000s\000e\000\040\000T\000e\000c\000h\000n\000i\000q\000u\000e\000\040\000e\000t\000\040\000I\000n\000d\000i\000c\000a\000t\000e\000u\000r\000s\000\040\000F\000i\000n\000a\000n\000c\000i\000e\000r\000s}{}% 37
\BOOKMARK [1][-]{section.62}{\376\377\000F\000o\000n\000d\000e\000m\000e\000n\000t\000s\000\040\000d\000e\000\040\000l\000'\000a\000n\000a\000l\000y\000s\000e\000\040\000t\000e\000c\000h\000n\000i\000q\000u\000e}{chapter.61}% 38
\BOOKMARK [2][-]{subsection.63}{\376\377\000L\000a\000\040\000D\000o\000w\000\040\000T\000h\000e\000o\000r\000y\000\040\040\024\000\040\000l\000e\000s\000\040\000o\000r\000i\000g\000i\000n\000e\000s}{section.62}% 39
\BOOKMARK [2][-]{subsection.67}{\376\377\000L\000e\000s\000\040\000t\000r\000o\000i\000s\000\040\000p\000r\000\351\000m\000i\000s\000s\000e\000s\000\040\000d\000e\000\040\000l\000'\000a\000n\000a\000l\000y\000s\000e\000\040\000t\000e\000c\000h\000n\000i\000q\000u\000e\000\040\000m\000o\000d\000e\000r\000n\000e}{section.62}% 40
\BOOKMARK [2][-]{subsection.68}{\376\377\000P\000o\000s\000i\000t\000i\000o\000n\000\040\000p\000a\000r\000\040\000r\000a\000p\000p\000o\000r\000t\000\040\000\340\000\040\000l\000'\000e\000f\000f\000i\000c\000i\000e\000n\000c\000e\000\040\000d\000e\000s\000\040\000m\000a\000r\000c\000h\000\351\000s}{section.62}% 41
\BOOKMARK [1][-]{section.69}{\376\377\000C\000l\000a\000s\000s\000i\000f\000i\000c\000a\000t\000i\000o\000n\000\040\000e\000n\000\040\000q\000u\000a\000t\000r\000e\000\040\000c\000a\000t\000\351\000g\000o\000r\000i\000e\000s}{chapter.61}% 42
\BOOKMARK [1][-]{section.71}{\376\377\000C\000a\000t\000\351\000g\000o\000r\000i\000e\000\040\000T\000e\000n\000d\000a\000n\000c\000e\000\040\040\024\000\040\000c\000i\000n\000q\000\040\000f\000a\000m\000i\000l\000l\000e\000s}{chapter.61}% 43
\BOOKMARK [2][-]{subsection.72}{\376\377\000S\000M\000A\000\040\040\024\000\040\000M\000o\000y\000e\000n\000n\000e\000\040\000M\000o\000b\000i\000l\000e\000\040\000S\000i\000m\000p\000l\000e}{section.71}% 44
\BOOKMARK [2][-]{subsection.74}{\376\377\000E\000M\000A\000\040\040\024\000\040\000M\000o\000y\000e\000n\000n\000e\000\040\000M\000o\000b\000i\000l\000e\000\040\000E\000x\000p\000o\000n\000e\000n\000t\000i\000e\000l\000l\000e}{section.71}% 45
\BOOKMARK [2][-]{subsection.76}{\376\377\000E\000M\000A\000\040\000C\000r\000o\000s\000s\000\040\040\024\000\040\000C\000r\000o\000i\000s\000e\000m\000e\000n\000t\000\040\000d\000e\000\040\000d\000e\000u\000x\000\040\000E\000M\000A}{section.71}% 46
\BOOKMARK [2][-]{subsection.79}{\376\377\000I\000c\000h\000i\000m\000o\000k\000u\000\040\000K\000i\000n\000k\000o\000\040\000H\000y\000o}{section.71}% 47
\BOOKMARK [2][-]{subsection.85}{\376\377\000P\000S\000A\000R\000\040\040\024\000\040\000P\000a\000r\000a\000b\000o\000l\000i\000c\000\040\000S\000t\000o\000p\000\040\000a\000n\000d\000\040\000R\000e\000v\000e\000r\000s\000e}{section.71}% 48
\BOOKMARK [1][-]{section.88}{\376\377\000C\000a\000t\000\351\000g\000o\000r\000i\000e\000\040\000M\000o\000m\000e\000n\000t\000u\000m\000\040\040\024\000\040\000c\000i\000n\000q\000\040\000f\000a\000m\000i\000l\000l\000e\000s}{chapter.61}% 49
\BOOKMARK [2][-]{subsection.89}{\376\377\000M\000A\000C\000D\000\040\040\024\000\040\000M\000o\000v\000i\000n\000g\000\040\000A\000v\000e\000r\000a\000g\000e\000\040\000C\000o\000n\000v\000e\000r\000g\000e\000n\000c\000e\000/\000D\000i\000v\000e\000r\000g\000e\000n\000c\000e}{section.88}% 50
\BOOKMARK [2][-]{subsection.93}{\376\377\000R\000O\000C\000\040\040\024\000\040\000R\000a\000t\000e\000\040\000o\000f\000\040\000C\000h\000a\000n\000g\000e}{section.88}% 51
\BOOKMARK [2][-]{subsection.95}{\376\377\000T\000R\000I\000X\000\040\040\024\000\040\000T\000r\000i\000p\000l\000e\000\040\000E\000x\000p\000o\000n\000e\000n\000t\000i\000a\000l\000\040\000A\000v\000e\000r\000a\000g\000e}{section.88}% 52
\BOOKMARK [2][-]{subsection.100}{\376\377\000A\000D\000X\000\040\040\024\000\040\000A\000v\000e\000r\000a\000g\000e\000\040\000D\000i\000r\000e\000c\000t\000i\000o\000n\000a\000l\000\040\000I\000n\000d\000e\000x}{section.88}% 53
\BOOKMARK [2][-]{subsection.106}{\376\377\000T\000S\000I\000\040\040\024\000\040\000T\000r\000u\000e\000\040\000S\000t\000r\000e\000n\000g\000t\000h\000\040\000I\000n\000d\000e\000x}{section.88}% 54
\BOOKMARK [1][-]{section.109}{\376\377\000C\000a\000t\000\351\000g\000o\000r\000i\000e\000\040\000O\000s\000c\000i\000l\000l\000a\000t\000i\000o\000n\000\040\000e\000t\000\040\000M\000e\000a\000n\000-\000R\000e\000v\000e\000r\000s\000i\000o\000n\000\040\040\024\000\040\000c\000i\000n\000q\000\040\000f\000a\000m\000i\000l\000l\000e\000s}{chapter.61}% 55
\BOOKMARK [2][-]{subsection.110}{\376\377\000R\000S\000I\000\040\040\024\000\040\000R\000e\000l\000a\000t\000i\000v\000e\000\040\000S\000t\000r\000e\000n\000g\000t\000h\000\040\000I\000n\000d\000e\000x}{section.109}% 56
\BOOKMARK [2][-]{subsection.113}{\376\377\000S\000t\000o\000c\000h\000a\000s\000t\000i\000q\000u\000e\000\040\040\024\000\040\000S\000t\000o\000c\000h\000a\000s\000t\000i\000c\000\040\000O\000s\000c\000i\000l\000l\000a\000t\000o\000r}{section.109}% 57
\BOOKMARK [2][-]{subsection.116}{\376\377\000C\000C\000I\000\040\040\024\000\040\000C\000o\000m\000m\000o\000d\000i\000t\000y\000\040\000C\000h\000a\000n\000n\000e\000l\000\040\000I\000n\000d\000e\000x}{section.109}% 58
\BOOKMARK [2][-]{subsection.118}{\376\377\000M\000F\000I\000\040\040\024\000\040\000M\000o\000n\000e\000y\000\040\000F\000l\000o\000w\000\040\000I\000n\000d\000e\000x}{section.109}% 59
\BOOKMARK [2][-]{subsection.123}{\376\377\000U\000O\000\040\040\024\000\040\000U\000l\000t\000i\000m\000a\000t\000e\000\040\000O\000s\000c\000i\000l\000l\000a\000t\000o\000r}{section.109}% 60
\BOOKMARK [1][-]{section.128}{\376\377\000C\000a\000t\000\351\000g\000o\000r\000i\000e\000\040\000V\000o\000l\000u\000m\000e\000\040\040\024\000\040\000c\000i\000n\000q\000\040\000f\000a\000m\000i\000l\000l\000e\000s}{chapter.61}% 61
\BOOKMARK [2][-]{subsection.129}{\376\377\000O\000B\000V\000\040\040\024\000\040\000O\000n\000-\000B\000a\000l\000a\000n\000c\000e\000\040\000V\000o\000l\000u\000m\000e}{section.128}% 62
\BOOKMARK [2][-]{subsection.131}{\376\377\000C\000M\000F\000\040\040\024\000\040\000C\000h\000a\000i\000k\000i\000n\000\040\000M\000o\000n\000e\000y\000\040\000F\000l\000o\000w}{section.128}% 63
\BOOKMARK [2][-]{subsection.134}{\376\377\000A\000D\000\040\040\024\000\040\000A\000c\000c\000u\000m\000u\000l\000a\000t\000i\000o\000n\000/\000D\000i\000s\000t\000r\000i\000b\000u\000t\000i\000o\000n\000\040\000L\000i\000n\000e}{section.128}% 64
\BOOKMARK [2][-]{subsection.136}{\376\377\000V\000W\000A\000P\000\040\040\024\000\040\000V\000o\000l\000u\000m\000e\000\040\000W\000e\000i\000g\000h\000t\000e\000d\000\040\000A\000v\000e\000r\000a\000g\000e\000\040\000P\000r\000i\000c\000e}{section.128}% 65
\BOOKMARK [2][-]{subsection.138}{\376\377\000F\000I\000\040\040\024\000\040\000F\000o\000r\000c\000e\000\040\000I\000n\000d\000e\000x\000\040\000\050\000I\000n\000d\000i\000c\000e\000\040\000d\000e\000\040\000F\000o\000r\000c\000e\000\040\000d\000'\000E\000l\000d\000e\000r\000\051}{section.128}% 66
\BOOKMARK [1][-]{section.140}{\376\377\000T\000a\000b\000l\000e\000a\000u\000\040\000r\000\351\000c\000a\000p\000i\000t\000u\000l\000a\000t\000i\000f\000\040\000d\000e\000s\000\040\000v\000i\000n\000g\000t\000\040\000f\000a\000m\000i\000l\000l\000e\000s}{chapter.61}% 67
\BOOKMARK [1][-]{section.141}{\376\377\000L\000i\000m\000i\000t\000e\000s\000\040\000d\000e\000\040\000l\000'\000A\000T\000\040\000n\000a\000\357\000v\000e\000\040\040\024\000\040\000p\000o\000n\000t\000\040\000v\000e\000r\000s\000\040\000l\000e\000\040\000S\000i\000g\000n\000a\000l\000\040\000E\000n\000g\000i\000n\000e}{chapter.61}% 68
\BOOKMARK [2][-]{subsection.142}{\376\377\000P\000a\000r\000a\000m\000\350\000t\000r\000e\000s\000\040\000l\000i\000b\000r\000e\000s\000\040\000e\000t\000\040\000o\000v\000e\000r\000f\000i\000t\000t\000i\000n\000g}{section.141}% 69
\BOOKMARK [2][-]{subsection.143}{\376\377\000T\000e\000s\000t\000s\000\040\000m\000u\000l\000t\000i\000p\000l\000e\000s\000\040\000e\000t\000\040\000f\000a\000u\000x\000\040\000p\000o\000s\000i\000t\000i\000f\000s}{section.141}% 70
\BOOKMARK [2][-]{subsection.145}{\376\377\000S\000e\000n\000s\000i\000b\000i\000l\000i\000t\000\351\000\040\000a\000u\000\040\000r\000\351\000g\000i\000m\000e\000\040\000d\000e\000\040\000m\000a\000r\000c\000h\000\351}{section.141}% 71
\BOOKMARK [2][-]{subsection.146}{\376\377\000S\000y\000n\000t\000h\000\350\000s\000e\000\040\000:\000\040\000d\000e\000\040\000l\000'\000A\000T\000\040\000n\000a\000\357\000v\000e\000\040\000a\000u\000\040\000S\000i\000g\000n\000a\000l\000\040\000E\000n\000g\000i\000n\000e}{section.141}% 72
\BOOKMARK [0][-]{chapter.148}{\376\377\000M\000o\000t\000e\000u\000r\000\040\000d\000e\000\040\000S\000i\000g\000n\000a\000u\000x\000\040\000P\000e\000r\000s\000o\000n\000n\000a\000l\000i\000s\000\351}{}% 73
\BOOKMARK [1][-]{section.149}{\376\377\000P\000h\000i\000l\000o\000s\000o\000p\000h\000i\000e\000\040\000:\000\040\000U\000n\000\040\000S\000i\000g\000n\000a\000l\000\040\000n\000'\000e\000s\000t\000\040\000P\000a\000s\000\040\000u\000n\000e\000\040\000S\000t\000r\000a\000t\000\351\000g\000i\000e}{chapter.148}% 74
\BOOKMARK [2][-]{subsection.150}{\376\377\000L\000a\000\040\000d\000i\000s\000t\000i\000n\000c\000t\000i\000o\000n\000\040\000f\000o\000n\000d\000a\000m\000e\000n\000t\000a\000l\000e}{section.149}% 75
\BOOKMARK [2][-]{subsection.152}{\376\377\000L\000e\000s\000\040\000c\000i\000n\000q\000\040\000p\000i\000l\000i\000e\000r\000s\000\040\000i\000n\000i\000t\000i\000a\000u\000x}{section.149}% 76
\BOOKMARK [1][-]{section.158}{\376\377\000L\000e\000\040\000P\000r\000o\000b\000l\000\350\000m\000e\000\040\000d\000e\000s\000\040\000T\000e\000s\000t\000s\000\040\000M\000u\000l\000t\000i\000p\000l\000e\000s}{chapter.148}% 77
\BOOKMARK [2][-]{subsection.159}{\376\377\000F\000o\000r\000m\000a\000l\000i\000s\000a\000t\000i\000o\000n}{section.158}% 78
\BOOKMARK [2][-]{subsection.161}{\376\377\000L\000e\000\040\000f\000o\000n\000d\000e\000m\000e\000n\000t\000\040\000i\000n\000f\000o\000r\000m\000a\000t\000i\000o\000n\000-\000t\000h\000\351\000o\000r\000i\000q\000u\000e}{section.158}% 79
\BOOKMARK [2][-]{subsection.163}{\376\377\000L\000e\000\040\000c\000o\000\373\000t\000\040\000d\000e\000\040\000f\000r\000i\000c\000t\000i\000o\000n}{section.158}% 80
\BOOKMARK [1][-]{section.165}{\376\377\000V\000u\000e\000\040\000d\000'\000E\000n\000s\000e\000m\000b\000l\000e\000\040\000:\000\040\000L\000e\000\040\000P\000i\000p\000e\000l\000i\000n\000e\000\040\000e\000n\000\040\0007\000\040\000C\000o\000u\000c\000h\000e\000s}{chapter.148}% 81
\BOOKMARK [1][-]{section.168}{\376\377\000L\000a\000y\000e\000r\000\040\000A\000\040\040\024\000\040\000L\000'\000U\000n\000i\000v\000e\000r\000s\000\040\000d\000e\000s\000\040\000C\000a\000n\000d\000i\000d\000a\000t\000s}{chapter.148}% 82
\BOOKMARK [2][-]{subsection.169}{\376\377\000P\000o\000u\000r\000q\000u\000o\000i\000\040\000u\000n\000e\000\040\000g\000r\000i\000l\000l\000e\000\040\000s\000t\000r\000u\000c\000t\000u\000r\000\351\000e\000\040\000?}{section.168}% 83
\BOOKMARK [2][-]{subsection.170}{\376\377\000L\000e\000s\000\040\0002\0000\000\040\000f\000a\000m\000i\000l\000l\000e\000s\000\040\000d\000'\000i\000n\000d\000i\000c\000a\000t\000e\000u\000r\000s}{section.168}% 84
\BOOKMARK [2][-]{subsection.172}{\376\377\000L\000e\000s\000\040\000h\000o\000r\000i\000z\000o\000n\000s\000\040\000t\000e\000m\000p\000o\000r\000e\000l\000s}{section.168}% 85
\BOOKMARK [2][-]{subsection.174}{\376\377\000I\000m\000p\000l\000\351\000m\000e\000n\000t\000a\000t\000i\000o\000n\000\040\000:\000\040\000p\000a\000t\000t\000e\000r\000n\000\040\000r\000e\000g\000i\000s\000t\000r\000e\000\040\000d\000\351\000c\000o\000r\000a\000t\000e\000u\000r}{section.168}% 86
\BOOKMARK [1][-]{section.190}{\376\377\000L\000a\000y\000e\000r\000\040\000B\000\040\040\024\000\040\000V\000a\000l\000i\000d\000a\000t\000i\000o\000n\000\040\000p\000a\000r\000\040\000S\000o\000u\000s\000-\000P\000\351\000r\000i\000o\000d\000e\000s}{chapter.148}% 87
\BOOKMARK [2][-]{subsection.191}{\376\377\000L\000e\000\040\000c\000o\000n\000t\000r\000a\000t\000\040\000s\000i\000g\000n\000a\000l}{section.190}% 88
\BOOKMARK [2][-]{subsection.196}{\376\377\000L\000e\000s\000\040\000f\000e\000n\000\352\000t\000r\000e\000s\000\040\000d\000e\000\040\000s\000o\000u\000s\000-\000p\000\351\000r\000i\000o\000d\000e\000s\000\040\000i\000n\000d\000\351\000p\000e\000n\000d\000a\000n\000t\000e\000s}{section.190}% 89
\BOOKMARK [2][-]{subsection.198}{\376\377\000M\000\351\000t\000r\000i\000q\000u\000e\000s\000\040\000c\000a\000l\000c\000u\000l\000\351\000e\000s\000\040\000p\000a\000r\000\040\000s\000o\000u\000s\000-\000p\000\351\000r\000i\000o\000d\000e}{section.190}% 90
\BOOKMARK [1][-]{section.199}{\376\377\000L\000a\000y\000e\000r\000\040\000C\000\040\040\024\000\040\000S\000c\000o\000r\000e\000\040\000d\000e\000\040\000R\000o\000b\000u\000s\000t\000e\000s\000s\000e\000\040\000M\000u\000l\000t\000i\000-\000c\000o\000m\000p\000o\000s\000a\000n\000t\000e}{chapter.148}% 91
\BOOKMARK [2][-]{subsection.200}{\376\377\000L\000e\000\040\000g\000a\000t\000e\000\040\000d\000e\000\040\000v\000i\000a\000b\000i\000l\000i\000t\000\351}{section.199}% 92
\BOOKMARK [2][-]{subsection.202}{\376\377\000L\000e\000\040\000s\000c\000o\000r\000e\000\040\000d\000e\000\040\000f\000i\000a\000b\000i\000l\000i\000t\000\351\000\040\000c\000o\000m\000p\000o\000s\000i\000t\000e}{section.199}% 93
\BOOKMARK [2][-]{subsection.208}{\376\377\000J\000u\000s\000t\000i\000f\000i\000c\000a\000t\000i\000o\000n\000\040\000d\000e\000s\000\040\000p\000o\000i\000d\000s}{section.199}% 94
\BOOKMARK [1][-]{section.209}{\376\377\000L\000a\000y\000e\000r\000s\000\040\000D\000\040\000e\000t\000\040\000E\000\040\040\024\000\040\000F\000i\000l\000t\000r\000a\000g\000e\000\040\000e\000t\000\040\000R\000\351\000d\000u\000c\000t\000i\000o\000n\000\040\000d\000e\000\040\000R\000e\000d\000o\000n\000d\000a\000n\000c\000e}{chapter.148}% 95
\BOOKMARK [2][-]{subsection.210}{\376\377\000L\000a\000y\000e\000r\000\040\000D\000\040\040\024\000\040\000F\000i\000l\000t\000r\000e\000\040\000d\000e\000\040\000S\000u\000r\000v\000i\000e}{section.209}% 96
\BOOKMARK [2][-]{subsection.214}{\376\377\000L\000a\000y\000e\000r\000\040\000E\000\040\040\024\000\040\000R\000\351\000d\000u\000c\000t\000i\000o\000n\000\040\000d\000e\000\040\000R\000e\000d\000o\000n\000d\000a\000n\000c\000e}{section.209}% 97
\BOOKMARK [1][-]{section.221}{\376\377\000L\000a\000y\000e\000r\000s\000\040\000F\000\040\000e\000t\000\040\000G\000\040\040\024\000\040\000S\000i\000g\000n\000a\000l\000\040\000C\000o\000u\000r\000a\000n\000t\000\040\000e\000t\000\040\000E\000n\000s\000e\000m\000b\000l\000e}{chapter.148}% 98
\BOOKMARK [2][-]{subsection.222}{\376\377\000L\000a\000y\000e\000r\000\040\000F\000\040\040\024\000\040\000S\000i\000g\000n\000a\000l\000\040\000C\000o\000u\000r\000a\000n\000t\000\040\000p\000a\000r\000\040\000R\000e\000p\000r\000\351\000s\000e\000n\000t\000a\000n\000t}{section.221}% 99
\BOOKMARK [2][-]{subsection.228}{\376\377\000L\000a\000y\000e\000r\000\040\000G\000\040\040\024\000\040\000C\000o\000m\000b\000i\000n\000a\000i\000s\000o\000n\000\040\000P\000o\000n\000d\000\351\000r\000\351\000e\000\040\000\050\000E\000n\000s\000e\000m\000b\000l\000e\000\051}{section.221}% 100
\BOOKMARK [1][-]{section.231}{\376\377\000L\000i\000m\000i\000t\000e\000s\000\040\000e\000t\000\040\000P\000e\000r\000s\000p\000e\000c\000t\000i\000v\000e\000s\000\040\000d\000u\000\040\000M\000o\000t\000e\000u\000r\000\040\000d\000e\000\040\000S\000i\000g\000n\000a\000u\000x}{chapter.148}% 101
\BOOKMARK [0][-]{chapter.235}{\376\377\000M\000o\000t\000e\000u\000r\000\040\000W\000F\000O\000\040\000d\000e\000s\000\040\000s\000i\000g\000n\000a\000u\000x}{}% 102
\BOOKMARK [1][-]{section.236}{\376\377\000M\000o\000t\000i\000v\000a\000t\000i\000o\000n\000\040\040\024\000\040\000P\000o\000u\000r\000q\000u\000o\000i\000\040\000u\000n\000\040\000M\000o\000t\000e\000u\000r\000\040\000W\000F\000O\000\040\000D\000i\000s\000t\000i\000n\000c\000t\000\040\000d\000u\000\040\000S\000i\000g\000n\000a\000l\000\040\000E\000n\000g\000i\000n\000e\000\040\000?}{chapter.235}% 103
\BOOKMARK [1][-]{section.242}{\376\377\000A\000r\000c\000h\000i\000t\000e\000c\000t\000u\000r\000e\000\040\000d\000u\000\040\000P\000i\000p\000e\000l\000i\000n\000e\000\040\000W\000F\000O\000\040\000d\000e\000s\000\040\000S\000i\000g\000n\000a\000u\000x}{chapter.235}% 104
\BOOKMARK [2][-]{subsection.244}{\376\377\000G\000r\000i\000l\000l\000e\000\040\000d\000e\000\040\000c\000a\000n\000d\000i\000d\000a\000t\000s\000\040\000p\000a\000r\000\040\000c\000a\000t\000\351\000g\000o\000r\000i\000e}{section.242}% 105
\BOOKMARK [2][-]{subsection.246}{\376\377\000P\000o\000l\000i\000t\000i\000q\000u\000e\000\040\000d\000e\000\040\000f\000e\000n\000\352\000t\000r\000e\000s\000\040\000s\000t\000r\000i\000c\000t\000e\000\040\000\050\000s\000t\000r\000i\000c\000t\000\137\000f\000o\000l\000d\000\137\000d\000r\000i\000v\000e\000n\000\051}{section.242}% 106
\BOOKMARK [1][-]{section.248}{\376\377\000\311\000v\000a\000l\000u\000a\000t\000i\000o\000n\000\040\000P\000a\000r\000\040\000F\000e\000n\000\352\000t\000r\000e\000\040\000:\000\040\000L\000a\000\040\000F\000o\000n\000c\000t\000i\000o\000n\000\040\000O\000b\000j\000e\000c\000t\000i\000f\000\040\000P\000R\000O\000M}{chapter.235}% 107
\BOOKMARK [2][-]{subsection.249}{\376\377\000O\000r\000i\000g\000i\000n\000e\000\040\000e\000t\000\040\000P\000r\000i\000n\000c\000i\000p\000e}{section.248}% 108
\BOOKMARK [2][-]{subsection.250}{\376\377\000F\000o\000r\000m\000u\000l\000e\000\040\000I\000m\000p\000l\000\351\000m\000e\000n\000t\000\351\000e}{section.248}% 109
\BOOKMARK [2][-]{subsection.256}{\376\377\000L\000e\000c\000t\000u\000r\000e\000\040\000e\000t\000\040\000I\000n\000t\000e\000r\000p\000r\000\351\000t\000a\000t\000i\000o\000n}{section.248}% 110
\BOOKMARK [2][-]{subsection.258}{\376\377\000C\000o\000\373\000t\000\040\000d\000e\000\040\000t\000r\000a\000n\000s\000a\000c\000t\000i\000o\000n}{section.248}% 111
\BOOKMARK [1][-]{section.260}{\376\377\000C\000o\000n\000s\000t\000r\000u\000c\000t\000i\000o\000n\000\040\000d\000e\000\040\000l\000'\000E\000n\000s\000e\000m\000b\000l\000e\000\040\000R\000e\000p\000r\000\351\000s\000e\000n\000t\000a\000n\000t}{chapter.235}% 112
\BOOKMARK [1][-]{section.267}{\376\377\000M\000\351\000t\000r\000i\000q\000u\000e\000s\000\040\000d\000e\000\040\000R\000o\000b\000u\000s\000t\000e\000s\000s\000e\000\040\000e\000t\000\040\000S\000y\000s\000t\000\350\000m\000e\000\040\000d\000e\000\040\000N\000o\000t\000a\000t\000i\000o\000n}{chapter.235}% 113
\BOOKMARK [2][-]{subsection.268}{\376\377\000L\000e\000s\000\040\000q\000u\000a\000t\000r\000e\000\040\000m\000\351\000t\000r\000i\000q\000u\000e\000s\000\040\000f\000o\000n\000d\000a\000m\000e\000n\000t\000a\000l\000e\000s}{section.267}% 114
\BOOKMARK [2][-]{subsection.271}{\376\377\000L\000e\000\040\000S\000c\000o\000r\000e\000\040\000C\000o\000m\000p\000o\000s\000i\000t\000e\000\040\000\050\0000\040\023\0001\0000\0000\000\051}{section.267}% 115
\BOOKMARK [2][-]{subsection.277}{\376\377\000L\000e\000\040\000G\000r\000a\000d\000e\000\040\000d\000e\000\040\000R\000o\000b\000u\000s\000t\000e\000s\000s\000e\000\040\000\050\000A\040\023\000F\000\051}{section.267}% 116
\BOOKMARK [1][-]{section.279}{\376\377\000S\000i\000g\000n\000a\000l\000\040\000G\000l\000o\000b\000a\000l\000\040\000e\000t\000\040\000M\000o\000d\000u\000l\000a\000t\000i\000o\000n\000\040\000S\000/\000R}{chapter.235}% 117
\BOOKMARK [2][-]{subsection.280}{\376\377\000C\000o\000n\000s\000e\000n\000s\000u\000s\000\040\000p\000o\000n\000d\000\351\000r\000\351\000\040\000p\000a\000r\000\040\000l\000e\000\040\000s\000c\000o\000r\000e\000\040\000c\000o\000m\000p\000o\000s\000i\000t\000e}{section.279}% 118
\BOOKMARK [2][-]{subsection.282}{\376\377\000M\000o\000d\000u\000l\000a\000t\000i\000o\000n\000\040\000p\000a\000r\000\040\000l\000e\000s\000\040\000n\000i\000v\000e\000a\000u\000x\000\040\000S\000/\000R}{section.279}% 119
\BOOKMARK [2][-]{subsection.284}{\376\377\000T\000a\000b\000l\000e\000a\000u\000\040\000d\000e\000s\000\040\000r\000e\000c\000o\000m\000m\000a\000n\000d\000a\000t\000i\000o\000n\000s}{section.279}% 120
\BOOKMARK [1][-]{section.286}{\376\377\000R\000a\000f\000r\000a\000\356\000c\000h\000i\000s\000s\000e\000m\000e\000n\000t\000\040\000A\000u\000t\000o\000m\000a\000t\000i\000q\000u\000e\000\040\000e\000t\000\040\000A\000r\000c\000h\000i\000t\000e\000c\000t\000u\000r\000e\000\040\000A\000s\000y\000n\000c\000h\000r\000o\000n\000e}{chapter.235}% 121
\BOOKMARK [1][-]{section.287}{\376\377\000R\000e\000l\000a\000t\000i\000o\000n\000\040\000a\000v\000e\000c\000\040\000l\000e\000\040\000S\000i\000g\000n\000a\000l\000\040\000E\000n\000g\000i\000n\000e\000\040\000A\041\222\000G}{chapter.235}% 122
\BOOKMARK [0][-]{chapter.289}{\376\377\000A\000r\000c\000h\000i\000t\000e\000c\000t\000u\000r\000e\000\040\000d\000e\000\040\000l\000a\000\040\000P\000l\000a\000t\000e\000f\000o\000r\000m\000e}{}% 123
\BOOKMARK [1][-]{section.290}{\376\377\000P\000a\000r\000a\000d\000i\000g\000m\000e\000\040\000M\000\351\000t\000a\000-\000S\000t\000r\000a\000t\000\351\000g\000i\000e\000\040\000:\000\040\000l\000e\000s\000\040\000Q\000u\000a\000t\000r\000e\000\040\000S\000t\000a\000t\000i\000o\000n\000s}{chapter.289}% 124
\BOOKMARK [2][-]{subsection.291}{\376\377\000S\000\351\000p\000a\000r\000a\000t\000i\000o\000n\000\040\000d\000e\000s\000\040\000r\000e\000s\000p\000o\000n\000s\000a\000b\000i\000l\000i\000t\000\351\000s}{section.290}% 125
\BOOKMARK [1][-]{section.293}{\376\377\000S\000t\000a\000c\000k\000\040\000T\000e\000c\000h\000n\000o\000l\000o\000g\000i\000q\000u\000e}{chapter.289}% 126
\BOOKMARK [2][-]{subsection.295}{\376\377\000D\000\351\000t\000a\000i\000l\000\040\000d\000e\000s\000\040\000c\000o\000m\000p\000o\000s\000a\000n\000t\000s}{section.293}% 127
\BOOKMARK [1][-]{section.297}{\376\377\000S\000t\000a\000t\000i\000o\000n\000\040\0001\000\040\040\024\000\040\000D\000o\000n\000n\000\351\000e\000s}{chapter.289}% 128
\BOOKMARK [2][-]{subsection.298}{\376\377\000P\000i\000p\000e\000l\000i\000n\000e\000\040\000d\000'\000i\000n\000g\000e\000s\000t\000i\000o\000n\000\040\000O\000H\000L\000C\000V}{section.297}% 129
\BOOKMARK [2][-]{subsection.299}{\376\377\000C\000a\000l\000e\000n\000d\000r\000i\000e\000r\000\040\000d\000e\000s\000\040\000j\000o\000u\000r\000s\000\040\000f\000\351\000r\000i\000\351\000s}{section.297}% 130
\BOOKMARK [2][-]{subsection.300}{\376\377\000F\000r\000a\000\356\000c\000h\000e\000u\000r\000\040\000e\000t\000\040\000r\000a\000f\000r\000a\000\356\000c\000h\000i\000s\000s\000e\000m\000e\000n\000t\000\040\000a\000u\000t\000o\000m\000a\000t\000i\000q\000u\000e}{section.297}% 131
\BOOKMARK [2][-]{subsection.301}{\376\377\000S\000t\000o\000c\000k\000a\000g\000e\000\040\000c\000a\000n\000o\000n\000i\000q\000u\000e}{section.297}% 132
\BOOKMARK [1][-]{section.304}{\376\377\000S\000t\000a\000t\000i\000o\000n\000\040\0002\000\040\040\024\000\040\000S\000i\000g\000n\000a\000u\000x\000\040\000\050\000I\000n\000t\000e\000r\000f\000a\000c\000e\000\040\000U\000t\000i\000l\000i\000s\000a\000t\000e\000u\000r\000\051}{chapter.289}% 133
\BOOKMARK [2][-]{subsection.305}{\376\377\000V\000u\000e\000\040\000p\000a\000r\000\040\000t\000i\000c\000k\000e\000r}{section.304}% 134
\BOOKMARK [2][-]{subsection.307}{\376\377\000D\000r\000i\000l\000l\000-\000d\000o\000w\000n\000\040\000p\000a\000r\000\040\000v\000a\000r\000i\000a\000n\000t\000e}{section.304}% 135
\BOOKMARK [1][-]{section.309}{\376\377\000S\000t\000a\000t\000i\000o\000n\000\040\0003\000\040\040\024\000\040\000D\000a\000s\000h\000b\000o\000a\000r\000d}{chapter.289}% 136
\BOOKMARK [1][-]{section.311}{\376\377\000S\000t\000a\000t\000i\000o\000n\000\040\0004\000\040\040\024\000\040\000A\000n\000a\000l\000y\000t\000i\000c\000s}{chapter.289}% 137
\BOOKMARK [1][-]{section.313}{\376\377\000P\000e\000r\000s\000p\000e\000c\000t\000i\000v\000e\000s\000\040\000:\000\040\000S\000t\000a\000t\000i\000o\000n\000s\000\040\000e\000n\000\040\000D\000\351\000v\000e\000l\000o\000p\000p\000e\000m\000e\000n\000t}{chapter.289}% 138
\BOOKMARK [1][-]{section.314}{\376\377\000P\000e\000r\000s\000i\000s\000t\000a\000n\000c\000e\000,\000\040\000T\000r\000a\000\347\000a\000b\000i\000l\000i\000t\000\351\000\040\000e\000t\000\040\000B\000o\000n\000n\000e\000s\000\040\000P\000r\000a\000t\000i\000q\000u\000e\000s}{chapter.289}% 139
\BOOKMARK [2][-]{subsection.315}{\376\377\000M\000o\000d\000u\000l\000e\000\040\000d\000'\000a\000r\000t\000e\000f\000a\000c\000t\000s\000\040\000c\000a\000n\000o\000n\000i\000q\000u\000e}{section.314}% 140
\BOOKMARK [2][-]{subsection.316}{\376\377\000T\000e\000s\000t\000s\000\040\000a\000u\000t\000o\000m\000a\000t\000i\000s\000\351\000s}{section.314}% 141
\BOOKMARK [0][-]{chapter.317}{\376\377\000D\000a\000s\000h\000b\000o\000a\000r\000d\000\040\000d\000\351\000c\000i\000s\000i\000o\000n\000n\000e\000l}{}% 142
\BOOKMARK [1][-]{section.318}{\376\377\000D\000e\000\040\000l\000a\000\040\000L\000e\000c\000t\000u\000r\000e\000\040\000\340\000\040\000l\000a\000\040\000D\000\351\000c\000i\000s\000i\000o\000n\000\040\000:\000\040\000R\000a\000p\000p\000e\000l\000\040\000d\000u\000\040\000B\000e\000s\000o\000i\000n}{chapter.317}% 143
\BOOKMARK [1][-]{section.319}{\376\377\000A\000r\000c\000h\000i\000t\000e\000c\000t\000u\000r\000e\000\040\000d\000u\000\040\000T\000a\000b\000l\000e\000a\000u\000\040\000d\000e\000\040\000B\000o\000r\000d\000\040\000U\000n\000i\000f\000i\000\351}{chapter.317}% 144
\BOOKMARK [2][-]{subsection.320}{\376\377\000V\000u\000e\000\040\000d\000'\000e\000n\000s\000e\000m\000b\000l\000e}{section.319}% 145
\BOOKMARK [2][-]{subsection.322}{\376\377\000C\000o\000r\000r\000e\000s\000p\000o\000n\000d\000a\000n\000c\000e\000\040\000B\000e\000s\000o\000i\000n\000\040\000/\000\040\000S\000e\000c\000t\000i\000o\000n}{section.319}% 146
\BOOKMARK [1][-]{section.324}{\376\377\000S\000e\000c\000t\000i\000o\000n\000\040\000A\000\040\040\024\000\040\000D\000e\000c\000i\000s\000i\000o\000n\000\040\000B\000o\000x}{chapter.317}% 147
\BOOKMARK [2][-]{subsection.325}{\376\377\000S\000c\000o\000r\000e\000\040\000O\000p\000p\000o\000r\000t\000u\000n\000i\000t\000\351\000\040\000:\000\040\000C\000o\000n\000s\000o\000m\000m\000a\000t\000i\000o\000n\000\040\000d\000u\000\040\000M\000o\000t\000e\000u\000r\000\040\000S\000i\000g\000n\000a\000u\000x}{section.324}% 148
\BOOKMARK [2][-]{subsection.329}{\376\377\000S\000c\000o\000r\000e\000\040\000C\000o\000n\000f\000i\000a\000n\000c\000e\000\040\000:\000\040\000C\000o\000n\000s\000o\000m\000m\000a\000t\000i\000o\000n\000\040\000d\000u\000\040\000M\000o\000t\000e\000u\000r\000\040\000W\000F\000O\000\040\000d\000e\000s\000\040\000S\000i\000g\000n\000a\000u\000x}{section.324}% 149
\BOOKMARK [2][-]{subsection.331}{\376\377\000N\000i\000v\000e\000a\000u\000x\000\040\000A\000c\000t\000i\000o\000n\000n\000a\000b\000l\000e\000s}{section.324}% 150
\BOOKMARK [1][-]{section.332}{\376\377\000S\000e\000c\000t\000i\000o\000n\000\040\000B\000\040\040\024\000\040\000J\000u\000s\000t\000i\000f\000i\000c\000a\000t\000i\000o\000n}{chapter.317}% 151
\BOOKMARK [2][-]{subsection.333}{\376\377\000L\000i\000s\000t\000e\000\040\000d\000e\000s\000\040\000r\000a\000i\000s\000o\000n\000s}{section.332}% 152
\BOOKMARK [2][-]{subsection.334}{\376\377\000D\000\351\000c\000o\000m\000p\000o\000s\000i\000t\000i\000o\000n\000\040\000d\000e\000s\000\040\000c\000o\000u\000c\000h\000e\000s\000\040\000d\000e\000\040\000c\000o\000n\000f\000i\000a\000n\000c\000e}{section.332}% 153
\BOOKMARK [1][-]{section.336}{\376\377\000S\000e\000c\000t\000i\000o\000n\000\040\000C\000\040\040\024\000\040\000N\000i\000v\000e\000a\000u\000x\000\040\000e\000t\000\040\000S\000c\000\351\000n\000a\000r\000i\000o\000s}{chapter.317}% 154
\BOOKMARK [2][-]{subsection.337}{\376\377\000T\000a\000b\000l\000e\000\040\000S\000u\000p\000p\000o\000r\000t\000s\000/\000R\000\351\000s\000i\000s\000t\000a\000n\000c\000e\000s}{section.336}% 155
\BOOKMARK [2][-]{subsection.339}{\376\377\000N\000a\000r\000r\000a\000t\000i\000f\000\040\000C\000o\000n\000d\000i\000t\000i\000o\000n\000n\000e\000l}{section.336}% 156
\BOOKMARK [1][-]{section.340}{\376\377\000L\000e\000a\000d\000e\000r\000b\000o\000a\000r\000d\000\040\000W\000F\000O\000\040\000M\000u\000l\000t\000i\000-\000h\000o\000r\000i\000z\000o\000n}{chapter.317}% 157
\BOOKMARK [2][-]{subsection.341}{\376\377\000O\000n\000g\000l\000e\000t\000s\000\040\000p\000a\000r\000\040\000h\000o\000r\000i\000z\000o\000n}{section.340}% 158
\BOOKMARK [2][-]{subsection.342}{\376\377\000C\000o\000l\000o\000n\000n\000e\000s\000\040\000d\000u\000\040\000l\000e\000a\000d\000e\000r\000b\000o\000a\000r\000d}{section.340}% 159
\BOOKMARK [1][-]{section.345}{\376\377\000V\000u\000e\000\040\000D\000\351\000t\000a\000i\000l\000l\000\351\000e\000\040\000p\000a\000r\000\040\000S\000t\000r\000a\000t\000\351\000g\000i\000e}{chapter.317}% 160
\BOOKMARK [1][-]{section.352}{\376\377\000R\000\351\000s\000u\000l\000t\000a\000t\000s\000\040\000E\000x\000p\000\351\000r\000i\000m\000e\000n\000t\000a\000u\000x}{chapter.317}% 161
\BOOKMARK [2][-]{subsection.353}{\376\377\000C\000a\000s\000\040\000d\000'\000\351\000t\000u\000d\000e\000\040\000:\000\040\000I\000A\000M\000\040\000\050\000M\000a\000r\000o\000c\000\040\000T\000e\000l\000e\000c\000o\000m\000\051}{section.352}% 162
\BOOKMARK [2][-]{subsection.356}{\376\377\000A\000n\000a\000l\000y\000s\000e\000\040\000d\000e\000s\000\040\000r\000\351\000g\000i\000m\000e\000s\000\040\000d\000e\000\040\000m\000a\000r\000c\000h\000\351}{section.352}% 163
\BOOKMARK [2][-]{subsection.358}{\376\377\000P\000o\000r\000t\000e\000f\000e\000u\000i\000l\000l\000e\000\040\000M\000A\000S\000I\000\040\000:\000\040\000L\000e\000a\000d\000e\000r\000b\000o\000a\000r\000d\000\040\000B\000a\000t\000c\000h}{section.352}% 164
\BOOKMARK [1][-]{section.361}{\376\377\000\311\000v\000a\000l\000u\000a\000t\000i\000o\000n\000\040\000O\000p\000\351\000r\000a\000t\000i\000o\000n\000n\000e\000l\000l\000e}{chapter.317}% 165
\BOOKMARK [2][-]{subsection.362}{\376\377\000W\000o\000r\000k\000f\000l\000o\000w\000\040\000t\000y\000p\000i\000q\000u\000e\000\040\000d\000u\000\040\000m\000a\000t\000i\000n}{section.361}% 166
\BOOKMARK [2][-]{subsection.367}{\376\377\000S\000t\000a\000n\000d\000a\000r\000d\000i\000s\000a\000t\000i\000o\000n\000\040\000e\000t\000\040\000d\000i\000s\000c\000i\000p\000l\000i\000n\000e\000\040\000r\000i\000s\000k}{section.361}% 167
\BOOKMARK [0][-]{chapter.368}{\376\377\000A\000n\000a\000l\000y\000t\000i\000c\000s\000\040\000e\000t\000\040\000R\000\351\000s\000u\000l\000t\000a\000t\000s}{}% 168
\BOOKMARK [1][-]{section.369}{\376\377\000I\000n\000t\000r\000o\000d\000u\000c\000t\000i\000o\000n}{chapter.368}% 169
\BOOKMARK [1][-]{section.370}{\376\377\000A\000n\000a\000l\000y\000s\000e\000\040\000p\000a\000r\000\040\000T\000i\000t\000r\000e\000\040\000:\000\040\000R\000e\000t\000u\000r\000n\000\040\000A\000t\000t\000e\000n\000d\000u\000\040\000e\000t\000\040\000H\000i\000t\000\040\000R\000a\000t\000e}{chapter.368}% 170
\BOOKMARK [2][-]{subsection.371}{\376\377\000L\000'\000E\000x\000p\000e\000c\000t\000e\000d\000\040\000R\000e\000t\000u\000r\000n\000\040\000\050\000R\000e\000n\000d\000e\000m\000e\000n\000t\000\040\000A\000t\000t\000e\000n\000d\000u\000\051}{section.370}% 171
\BOOKMARK [2][-]{subsection.373}{\376\377\000L\000e\000\040\000H\000i\000t\000\040\000R\000a\000t\000e}{section.370}% 172
\BOOKMARK [1][-]{section.374}{\376\377\000P\000r\000e\000u\000v\000e\000\040\000d\000'\000E\000d\000g\000e\000\040\000:\000\040\000L\000a\000\040\000M\000a\000t\000r\000i\000c\000e\000\040\000d\000e\000\040\000C\000a\000p\000a\000c\000i\000t\000\351\000\040\000P\000r\000\351\000d\000i\000c\000t\000i\000v\000e}{chapter.368}% 173
\BOOKMARK [1][-]{section.377}{\376\377\000I\000n\000f\000o\000r\000m\000a\000t\000i\000o\000n\000\040\000C\000o\000e\000f\000f\000i\000c\000i\000e\000n\000t\000\040\000\050\000I\000C\000\051\000\040\000e\000t\000\040\000P\000r\000e\000u\000v\000e\000s\000\040\000A\000v\000a\000n\000c\000\351\000e\000s}{chapter.368}% 174
\BOOKMARK [2][-]{subsection.378}{\376\377\000L\000e\000s\000\040\000C\000o\000u\000r\000b\000e\000s\000\040\000I\000C\000\040\000\050\000I\000n\000f\000o\000r\000m\000a\000t\000i\000o\000n\000\040\000C\000o\000e\000f\000f\000i\000c\000i\000e\000n\000t\000\051}{section.377}% 175
\BOOKMARK [2][-]{subsection.379}{\376\377\000R\000i\000g\000u\000e\000u\000r\000\040\000S\000c\000i\000e\000n\000t\000i\000f\000i\000q\000u\000e\000\040\000:\000\040\000D\000S\000R\000\040\000e\000t\000\040\000H\000a\000i\000r\000c\000u\000t}{section.377}% 176
\BOOKMARK [2][-]{subsection.381}{\376\377\000C\000o\000n\000t\000r\000\364\000l\000e\000\040\000d\000u\000\040\000F\000a\000l\000s\000e\000\040\000D\000i\000s\000c\000o\000v\000e\000r\000y\000\040\000R\000a\000t\000e\000\040\000\050\000F\000D\000R\000\051}{section.377}% 177
\BOOKMARK [0][-]{chapter*.383}{\376\377\000C\000o\000n\000c\000l\000u\000s\000i\000o\000n\000\040\000e\000t\000\040\000P\000e\000r\000s\000p\000e\000c\000t\000i\000v\000e\000s}{}% 178
\BOOKMARK [0][-]{chapter*.386}{\376\377\000B\000i\000b\000l\000i\000o\000g\000r\000a\000p\000h\000i\000e}{}% 179
\BOOKMARK [0][-]{chapter*.387}{\376\377\000W\000e\000b\000o\000g\000r\000a\000p\000h\000i\000e}{}% 180
\BOOKMARK [0][-]{appendix.388}{\376\377\000E\000x\000t\000r\000a\000i\000t\000s\000\040\000d\000e\000\040\000c\000o\000d\000e\000\040\000s\000o\000u\000r\000c\000e}{}% 181
\BOOKMARK [0][-]{appendix.389}{\376\377\000S\000c\000h\000\351\000m\000a\000\040\000P\000o\000s\000t\000g\000r\000e\000S\000Q\000L}{}% 182
\BOOKMARK [0][-]{appendix.391}{\376\377\000C\000a\000l\000e\000n\000d\000r\000i\000e\000r\000\040\000d\000e\000s\000\040\000j\000o\000u\000r\000s\000\040\000f\000\351\000r\000i\000\351\000s\000\040\040\024\000\040\000B\000o\000u\000r\000s\000e\000\040\000d\000e\000\040\000C\000a\000s\000a\000b\000l\000a\000n\000c\000a\000\040\0002\0000\0002\0003\040\023\0002\0000\0002\0006}{}% 183
\BOOKMARK [0][-]{appendix.393}{\376\377\000D\000\351\000t\000a\000i\000l\000s\000\040\000m\000a\000t\000h\000\351\000m\000a\000t\000i\000q\000u\000e\000s\000\040\000:\000\040\000P\000R\000O\000M\000\040\000e\000t\000\040\000D\000e\000f\000l\000a\000t\000e\000d\000\040\000S\000h\000a\000r\000p\000e\000\040\000R\000a\000t\000i\000o}{}% 184
\BOOKMARK [0][-]{appendix.395}{\376\377\000V\000u\000e\000s\000\040\000a\000d\000d\000i\000t\000i\000o\000n\000n\000e\000l\000l\000e\000s\000\040\000d\000u\000\040\000d\000a\000s\000h\000b\000o\000a\000r\000d}{}% 185
