\BOOKMARK [0][-]{chapter*.1}{\376\377\000D\000e\000d\000i\000c\000a\000c\000e}{}% 1
\BOOKMARK [0][-]{chapter*.2}{\376\377\000R\000e\000m\000e\000r\000c\000i\000e\000m\000e\000n\000t\000s}{}% 2
\BOOKMARK [0][-]{chapter*.3}{\376\377\000R\000e\000s\000u\000m\000e}{}% 3
\BOOKMARK [0][-]{chapter*.4}{\376\377\000A\000b\000s\000t\000r\000a\000c\000t}{}% 4
\BOOKMARK [0][-]{chapter*.5}{\376\377\000R\000e\000s\000u\000m\000e\000\040\000e\000n\000\040\000a\000r\000a\000b\000e}{}% 5
\BOOKMARK [0][-]{chapter*.7}{\376\377\000L\000i\000s\000t\000e\000\040\000d\000e\000s\000\040\000a\000b\000r\000e\000v\000i\000a\000t\000i\000o\000n\000s}{}% 6
\BOOKMARK [0][-]{chapter.1}{\376\377\000I\000n\000t\000r\000o\000d\000u\000c\000t\000i\000o\000n\000\040\000g\000e\000n\000e\000r\000a\000l\000e}{}% 7
\BOOKMARK [1][-]{section.1.1}{\376\377\000C\000o\000n\000t\000e\000x\000t\000e\000\040\000d\000u\000\040\000p\000r\000o\000j\000e\000t}{chapter.1}% 8
\BOOKMARK [1][-]{section.1.2}{\376\377\000P\000r\000o\000b\000l\000e\000m\000a\000t\000i\000q\000u\000e}{chapter.1}% 9
\BOOKMARK [1][-]{section.1.3}{\376\377\000O\000b\000j\000e\000c\000t\000i\000f\000s\000\040\000d\000u\000\040\000p\000r\000o\000j\000e\000t}{chapter.1}% 10
\BOOKMARK [1][-]{section.1.4}{\376\377\000M\000e\000t\000h\000o\000d\000o\000l\000o\000g\000i\000e\000\040\000g\000e\000n\000e\000r\000a\000l\000e}{chapter.1}% 11
\BOOKMARK [1][-]{section.1.5}{\376\377\000O\000r\000g\000a\000n\000i\000s\000a\000t\000i\000o\000n\000\040\000d\000u\000\040\000m\000e\000m\000o\000i\000r\000e}{chapter.1}% 12
\BOOKMARK [0][-]{chapter.2}{\376\377\000C\000a\000d\000r\000e\000\040\000c\000o\000n\000c\000e\000p\000t\000u\000e\000l\000\040\000e\000t\000\040\000e\000x\000i\000g\000e\000n\000c\000e\000s\000\040\000d\000e\000\040\000c\000o\000n\000c\000e\000p\000t\000i\000o\000n}{}% 13
\BOOKMARK [1][-]{section.2.1}{\376\377\000P\000o\000u\000r\000q\000u\000o\000i\000\040\000s\000e\000p\000a\000r\000e\000r\000\040\000l\000e\000s\000\040\000q\000u\000a\000t\000r\000e\000\040\000s\000t\000a\000t\000i\000o\000n\000s}{chapter.2}% 14
\BOOKMARK [1][-]{section.2.2}{\376\377\000H\000y\000p\000o\000t\000h\000e\000s\000e\000s\000\040\000m\000e\000t\000h\000o\000d\000o\000l\000o\000g\000i\000q\000u\000e\000s}{chapter.2}% 15
\BOOKMARK [1][-]{section.2.3}{\376\377\000C\000o\000n\000t\000r\000a\000i\000n\000t\000e\000s\000\040\000p\000r\000o\000d\000u\000i\000t}{chapter.2}% 16
\BOOKMARK [1][-]{section.2.4}{\376\377\000I\000n\000v\000a\000r\000i\000a\000n\000t\000s\000\040\000d\000e\000\040\000n\000o\000n\000-\000r\000e\000g\000r\000e\000s\000s\000i\000o\000n\000\040\000m\000e\000t\000h\000o\000d\000o\000l\000o\000g\000i\000q\000u\000e}{chapter.2}% 17
\BOOKMARK [0][-]{chapter.3}{\376\377\000A\000r\000c\000h\000i\000t\000e\000c\000t\000u\000r\000e\000\040\000g\000l\000o\000b\000a\000l\000e\000\040\000d\000e\000\040\000l\000a\000\040\000p\000l\000a\000t\000e\000f\000o\000r\000m\000e}{}% 18
\BOOKMARK [1][-]{section.3.1}{\376\377\000V\000u\000e\000\040\000s\000y\000s\000t\000e\000m\000e}{chapter.3}% 19
\BOOKMARK [1][-]{section.3.2}{\376\377\000C\000o\000n\000t\000r\000a\000t\000s\000\040\000i\000n\000t\000e\000r\000-\000s\000t\000a\000t\000i\000o\000n\000s}{chapter.3}% 20
\BOOKMARK [1][-]{section.3.3}{\376\377\000C\000h\000o\000i\000x\000\040\000t\000e\000c\000h\000n\000i\000q\000u\000e\000s\000\040\000s\000t\000r\000u\000c\000t\000u\000r\000a\000n\000t\000s}{chapter.3}% 21
\BOOKMARK [1][-]{section.3.4}{\376\377\000T\000r\000a\000c\000e\000a\000b\000i\000l\000i\000t\000e\000\040\000e\000t\000\040\000r\000e\000p\000r\000o\000d\000u\000c\000t\000i\000b\000i\000l\000i\000t\000e}{chapter.3}% 22
\BOOKMARK [0][-]{chapter.4}{\376\377\000S\000t\000a\000t\000i\000o\000n\000\040\000D\000a\000t\000a}{}% 23
\BOOKMARK [1][-]{section.4.1}{\376\377\000R\000o\000l\000e\000\040\000d\000e\000\040\000l\000a\000\040\000s\000t\000a\000t\000i\000o\000n\000\040\000D\000a\000t\000a}{chapter.4}% 24
\BOOKMARK [1][-]{section.4.2}{\376\377\000P\000i\000p\000e\000l\000i\000n\000e\000\040\000d\000'\000i\000n\000g\000e\000s\000t\000i\000o\000n\000\040\000e\000t\000\040\000d\000e\000\040\000n\000o\000r\000m\000a\000l\000i\000s\000a\000t\000i\000o\000n}{chapter.4}% 25
\BOOKMARK [1][-]{section.4.3}{\376\377\000F\000r\000a\000i\000c\000h\000e\000u\000r\000\040\000e\000t\000\040\000q\000u\000a\000l\000i\000t\000e\000\040\000d\000e\000s\000\040\000d\000o\000n\000n\000e\000e\000s}{chapter.4}% 26
\BOOKMARK [1][-]{section.4.4}{\376\377\000S\000p\000e\000c\000i\000f\000i\000c\000i\000t\000e\000s\000\040\000d\000u\000\040\000m\000a\000r\000c\000h\000e\000\040\000m\000a\000r\000o\000c\000a\000i\000n}{chapter.4}% 27
\BOOKMARK [1][-]{section.4.5}{\376\377\000I\000n\000t\000e\000r\000f\000a\000c\000e\000s\000\040\000e\000x\000p\000o\000s\000e\000e\000s}{chapter.4}% 28
\BOOKMARK [0][-]{chapter.5}{\376\377\000S\000t\000a\000t\000i\000o\000n\000\040\000S\000i\000g\000n\000a\000u\000x}{}% 29
\BOOKMARK [1][-]{section.5.1}{\376\377\000M\000a\000n\000d\000a\000t\000\040\000d\000e\000\040\000l\000a\000\040\000s\000t\000a\000t\000i\000o\000n}{chapter.5}% 30
\BOOKMARK [1][-]{section.5.2}{\376\377\000P\000i\000p\000e\000l\000i\000n\000e\000\040\000A\000-\000G}{chapter.5}% 31
\BOOKMARK [1][-]{section.5.3}{\376\377\000F\000a\000m\000i\000l\000l\000e\000s\000\040\000d\000'\000i\000n\000d\000i\000c\000a\000t\000e\000u\000r\000s\000\040\000e\000t\000\040\000i\000n\000t\000e\000r\000p\000r\000e\000t\000a\000t\000i\000o\000n\000\040\000m\000e\000t\000i\000e\000r}{chapter.5}% 32
\BOOKMARK [1][-]{section.5.4}{\376\377\000E\000v\000a\000l\000u\000a\000t\000i\000o\000n\000\040\000O\000O\000S\000\040\000e\000t\000\040\000s\000c\000o\000r\000e\000\040\000d\000e\000\040\000r\000o\000b\000u\000s\000t\000e\000s\000s\000e}{chapter.5}% 33
\BOOKMARK [1][-]{section.5.5}{\376\377\000R\000e\000d\000u\000c\000t\000i\000o\000n\000\040\000d\000e\000\040\000r\000e\000d\000o\000n\000d\000a\000n\000c\000e}{chapter.5}% 34
\BOOKMARK [1][-]{section.5.6}{\376\377\000C\000o\000n\000s\000t\000r\000u\000c\000t\000i\000o\000n\000\040\000d\000e\000\040\000l\000'\000e\000n\000s\000e\000m\000b\000l\000e}{chapter.5}% 35
\BOOKMARK [1][-]{section.5.7}{\376\377\000S\000o\000r\000t\000i\000e\000s\000\040\000d\000e\000\040\000l\000a\000\040\000s\000t\000a\000t\000i\000o\000n\000\040\000S\000i\000g\000n\000a\000u\000x}{chapter.5}% 36
\BOOKMARK [0][-]{chapter.6}{\376\377\000S\000t\000a\000t\000i\000o\000n\000\040\000S\000t\000r\000a\000t\000e\000g\000i\000e}{}% 37
\BOOKMARK [1][-]{section.6.1}{\376\377\000M\000a\000n\000d\000a\000t}{chapter.6}% 38
\BOOKMARK [1][-]{section.6.2}{\376\377\000T\000r\000a\000n\000s\000f\000o\000r\000m\000a\000t\000i\000o\000n\000\040\000s\000i\000g\000n\000a\000l\000\040\000v\000e\000r\000s\000\040\000r\000e\000g\000l\000e}{chapter.6}% 39
\BOOKMARK [1][-]{section.6.3}{\376\377\000S\000e\000c\000t\000i\000o\000n\000s\000\040\000d\000e\000\040\000c\000o\000n\000f\000i\000g\000u\000r\000a\000t\000i\000o\000n}{chapter.6}% 40
\BOOKMARK [1][-]{section.6.4}{\376\377\000D\000i\000m\000e\000n\000s\000i\000o\000n\000n\000e\000m\000e\000n\000t\000\040\000e\000t\000\040\000r\000i\000s\000q\000u\000e}{chapter.6}% 41
\BOOKMARK [1][-]{section.6.5}{\376\377\000H\000a\000n\000d\000o\000f\000f\000\040\000v\000e\000r\000s\000\040\000B\000a\000c\000k\000t\000e\000s\000t}{chapter.6}% 42
\BOOKMARK [0][-]{chapter.7}{\376\377\000S\000t\000a\000t\000i\000o\000n\000\040\000B\000a\000c\000k\000t\000e\000s\000t}{}% 43
\BOOKMARK [1][-]{section.7.1}{\376\377\000M\000a\000n\000d\000a\000t}{chapter.7}% 44
\BOOKMARK [1][-]{section.7.2}{\376\377\000P\000i\000p\000e\000l\000i\000n\000e\000\040\000W\000a\000l\000k\000-\000F\000o\000r\000w\000a\000r\000d}{chapter.7}% 45
\BOOKMARK [1][-]{section.7.3}{\376\377\000F\000o\000n\000c\000t\000i\000o\000n\000s\000\040\000d\000e\000\040\000d\000e\000c\000i\000s\000i\000o\000n}{chapter.7}% 46
\BOOKMARK [2][-]{subsection.7.3.1}{\376\377\000W\000a\000l\000k\000-\000F\000o\000r\000w\000a\000r\000d\000\040\000E\000f\000f\000i\000c\000i\000e\000n\000c\000y}{section.7.3}% 47
\BOOKMARK [2][-]{subsection.7.3.2}{\376\377\000S\000i\000z\000i\000n\000g\000\040\000i\000s\000s\000u\000\040\000d\000e\000s\000\040\000t\000r\000a\000n\000s\000a\000c\000t\000i\000o\000n\000s\000\040\000O\000O\000S}{section.7.3}% 48
\BOOKMARK [1][-]{section.7.4}{\376\377\000V\000a\000l\000i\000d\000a\000t\000i\000o\000n\000\040\000s\000t\000a\000t\000i\000s\000t\000i\000q\000u\000e}{chapter.7}% 49
\BOOKMARK [1][-]{section.7.5}{\376\377\000C\000r\000i\000t\000e\000r\000e\000s\000\040\000d\000'\000a\000c\000c\000e\000p\000t\000a\000t\000i\000o\000n}{chapter.7}% 50
\BOOKMARK [0][-]{chapter.8}{\376\377\000R\000e\000s\000u\000l\000t\000a\000t\000s\000\040\000e\000x\000p\000e\000r\000i\000m\000e\000n\000t\000a\000u\000x\000\040\000e\000t\000\040\000v\000a\000l\000e\000u\000r\000\040\000o\000p\000e\000r\000a\000t\000i\000o\000n\000n\000e\000l\000l\000e}{}% 51
\BOOKMARK [1][-]{section.8.1}{\376\377\000C\000a\000d\000r\000e\000\040\000d\000'\000e\000v\000a\000l\000u\000a\000t\000i\000o\000n}{chapter.8}% 52
\BOOKMARK [1][-]{section.8.2}{\376\377\000R\000e\000s\000u\000l\000t\000a\000t\000s\000\040\000p\000a\000r\000\040\000h\000o\000r\000i\000z\000o\000n}{chapter.8}% 53
\BOOKMARK [1][-]{section.8.3}{\376\377\000L\000e\000c\000t\000u\000r\000e\000\040\000d\000e\000s\000\040\000r\000e\000s\000u\000l\000t\000a\000t\000s}{chapter.8}% 54
\BOOKMARK [1][-]{section.8.4}{\376\377\000V\000a\000l\000e\000u\000r\000\040\000o\000p\000e\000r\000a\000t\000i\000o\000n\000n\000e\000l\000l\000e\000\040\000p\000o\000u\000r\000\040\000l\000e\000\040\000d\000e\000s\000k}{chapter.8}% 55
\BOOKMARK [1][-]{section.8.5}{\376\377\000D\000i\000s\000c\000u\000s\000s\000i\000o\000n\000\040\000c\000r\000i\000t\000i\000q\000u\000e}{chapter.8}% 56
\BOOKMARK [0][-]{chapter.9}{\376\377\000L\000i\000m\000i\000t\000e\000s\000,\000\040\000r\000i\000s\000q\000u\000e\000s\000\040\000e\000t\000\040\000p\000e\000r\000s\000p\000e\000c\000t\000i\000v\000e\000s}{}% 57
\BOOKMARK [1][-]{section.9.1}{\376\377\000L\000i\000m\000i\000t\000e\000s\000\040\000a\000c\000t\000u\000e\000l\000l\000e\000s}{chapter.9}% 58
\BOOKMARK [1][-]{section.9.2}{\376\377\000R\000i\000s\000q\000u\000e\000s\000\040\000m\000e\000t\000h\000o\000d\000o\000l\000o\000g\000i\000q\000u\000e\000s}{chapter.9}% 59
\BOOKMARK [1][-]{section.9.3}{\376\377\000P\000l\000a\000n\000\040\000d\000'\000a\000m\000e\000l\000i\000o\000r\000a\000t\000i\000o\000n\000\040\000p\000r\000i\000o\000r\000i\000s\000e}{chapter.9}% 60
\BOOKMARK [1][-]{section.9.4}{\376\377\000P\000e\000r\000s\000p\000e\000c\000t\000i\000v\000e\000\040\000s\000c\000i\000e\000n\000t\000i\000f\000i\000q\000u\000e}{chapter.9}% 61
\BOOKMARK [0][-]{chapter.10}{\376\377\000C\000o\000n\000c\000l\000u\000s\000i\000o\000n\000\040\000g\000e\000n\000e\000r\000a\000l\000e}{}% 62
\BOOKMARK [0][-]{Item.39}{\376\377\000B\000i\000b\000l\000i\000o\000g\000r\000a\000p\000h\000i\000e}{}% 63
\BOOKMARK [0][-]{chapter*.11}{\376\377\000W\000e\000b\000o\000g\000r\000a\000p\000h\000i\000e}{}% 64
\BOOKMARK [0][-]{appendix.A}{\376\377\000C\000o\000n\000t\000r\000a\000t\000s\000\040\000d\000o\000c\000u\000m\000e\000n\000t\000a\000i\000r\000e\000s\000\040\000i\000n\000t\000e\000r\000-\000s\000t\000a\000t\000i\000o\000n\000s}{}% 65
\BOOKMARK [1][-]{section.A.1}{\376\377\000C\000o\000n\000t\000r\000a\000t\000\040\000D\000a\000t\000a\000\040\000v\000e\000r\000s\000\040\000S\000i\000g\000n\000a\000l}{appendix.A}% 66
\BOOKMARK [1][-]{section.A.2}{\376\377\000C\000o\000n\000t\000r\000a\000t\000\040\000S\000i\000g\000n\000a\000l\000\040\000v\000e\000r\000s\000\040\000S\000t\000r\000a\000t\000e\000g\000i\000e}{appendix.A}% 67
\BOOKMARK [1][-]{section.A.3}{\376\377\000C\000o\000n\000t\000r\000a\000t\000\040\000S\000t\000r\000a\000t\000e\000g\000i\000e\000\040\000v\000e\000r\000s\000\040\000B\000a\000c\000k\000t\000e\000s\000t}{appendix.A}% 68
\BOOKMARK [1][-]{section.A.4}{\376\377\000C\000o\000n\000t\000r\000a\000t\000\040\000B\000a\000c\000k\000t\000e\000s\000t\000\040\000v\000e\000r\000s\000\040\000D\000e\000c\000i\000s\000i\000o\000n}{appendix.A}% 69
\BOOKMARK [0][-]{appendix.B}{\376\377\000E\000x\000t\000r\000a\000i\000t\000s\000\040\000t\000e\000c\000h\000n\000i\000q\000u\000e\000s\000\040\000e\000t\000\040\000c\000h\000e\000c\000k\000-\000l\000i\000s\000t\000\040\000d\000e\000\040\000c\000o\000n\000f\000o\000r\000m\000i\000t\000e}{}% 70
\BOOKMARK [1][-]{section.B.1}{\376\377\000C\000o\000m\000m\000a\000n\000d\000e\000s\000\040\000d\000e\000\040\000c\000o\000m\000p\000i\000l\000a\000t\000i\000o\000n}{appendix.B}% 71
\BOOKMARK [1][-]{section.B.2}{\376\377\000C\000h\000e\000c\000k\000-\000l\000i\000s\000t\000\040\000M\000I\000S}{appendix.B}% 72
\BOOKMARK [1][-]{section.B.3}{\376\377\000C\000h\000e\000c\000k\000-\000l\000i\000s\000t\000\040\000s\000c\000i\000e\000n\000t\000i\000f\000i\000q\000u\000e}{appendix.B}% 73
